---
source: src/ui/screen_renderer.rs
expression: output
---

  [ Step 5/9]

  Add contact info
  Add phone, email, social profiles, and more to your card. You can always add or change entries later.

  (no fields added)

──────────────────────────────────────────────────

  (1) Add Entry    (2) Continue    (3) Skip
