---
source: src/ui/screen_renderer.rs
assertion_line: 791
expression: output
---

  [ Step 1/9]

  Welcome to Vauchi
  Your contacts, your rules.

  Why Vauchi?

    lock Private
      End-to-end encrypted contact cards
    refresh Always up to date
      Update your card and contacts see changes automatically
    people You decide who sees what
      Share different info with different groups

──────────────────────────────────────────────────

  (1) Get Started
