---
source: src/ui/screen_renderer.rs
expression: output
---

  [ Step 2/4]

  Choose your groups
  Organize who sees what

  Groups are optional, but we strongly recommend them. They let you control exactly who sees what on your card.

  Suggested groups

  [ ] (1) Family
  [ ] (2) Friends
  [ ] (3) Coworkers
  [ ] (4) Business

  Add a custom group: Type a group name and press Enter

──────────────────────────────────────────────────

  (1) Add group    (2) Continue    (3) Skip
