---
source: src/ui/screen_renderer.rs
assertion_line: 782
expression: output
---

  [ Step 7/9]

  Your data is secure

  shield How Vauchi protects you

    lock End-to-end encryption
      Only you and your contacts can read your data.
    server Decentralized
      No central server stores your contacts.
    key You own your keys
      Your cryptographic keys never leave your device.

──────────────────────────────────────────────────

  (1) Continue
