---
source: src/ui/screen_renderer.rs
expression: output
---

  [ Step 4/4]

  What would you like to do?
  This is what contacts will see

──────────────────────────────────────────────────

  (1) Exchange cards    (2) Import existing contacts    (3) Read about security    (4) Read about backup    (5) Start using the app
