---
source: src/ui/screen_renderer.rs
assertion_line: 843
expression: output
---

  [ Step 8/9]

  Back up your identity

  backup Why back up?

    warning No account recovery
      If you lose your device without a backup, your identity is lost.
    devices Multi-device
      Backups let you use Vauchi on multiple devices.

──────────────────────────────────────────────────

  (1) Set up backup    (2) Skip
