---
source: src/ui/screen_renderer.rs
assertion_line: 854
expression: output
---

  [ Step 3/4]

  Add contact info
  Optional — you can add more later.

──────────────────────────────────────────────────

  (1) Add phone number    (2) Add email address    (3) Add social profile    (4) Continue    (5) Skip
